[2026-04-03 06:55:34] Éxito al extraer - Serie: '', FolioActual: ''
[2026-04-05 04:22:08] Error cURL/HTTP. Code: 0, Msg: Could not resolve host: ep-dot-facturanube.appspot.com
[2026-04-05 04:22:27] Éxito al extraer - Serie: '', FolioActual: ''
[2026-04-05 04:59:38] Éxito al extraer - Serie: '', FolioActual: ''
Error 39Error 39Error 51Error 39Error 51Error 39Error 51Error 59RESPONSE 200 39Error 51Error 59Response HTTP Code: 200[2026-04-05 05:20:57] Error al extraer datos: Call to undefined function simplexml_load_string()
Response HTTP Code: 200[2026-04-05 05:23:15] Éxito al extraer - Serie: '', FolioActual: ''
Response HTTP Code: 200[2026-04-05 05:25:04] Éxito al extraer - Serie: '', FolioActual: ''
Response HTTP Code: 200debug 70[2026-04-05 05:28:11] Éxito al extraer - Serie: '', FolioActual: ''
Response HTTP Code: 200debug 61debug 71
        
     83[2026-04-05 05:54:08] Éxito al extraer - Serie: '', FolioActual: ''
Response HTTP Code: 200debug 61debug 71Array 79
        
     85[2026-04-05 05:56:54] Éxito al extraer - Serie: '', FolioActual: ''
Response HTTP Code: 200debug 61debug 7179
        
     87[2026-04-05 05:58:28] Éxito al extraer - Serie: '', FolioActual: ''
Response HTTP Code: 200debug 61debug 7179Array
(
    [0] => SimpleXMLElement Object
        (
            [@attributes] => Array
                (
                    [noCertificado] => 30001000000500003441
                )

            [foliador] => SimpleXMLElement Object
                (
                    [@attributes] => Array
                        (
                            [folioActual] => 8
                            [folioFinal] => 99999999999
                            [folioInicial] => 1
                            [foliosDisponibles] => 99999999991
                            [serie] => F
                        )

                )

        )

)

        
     87[2026-04-05 05:59:48] Éxito al extraer - Serie: '', FolioActual: ''
Response HTTP Code: 200debug 61debug 7179[{"@attributes":{"noCertificado":"30001000000500003441"},"foliador":{"@attributes":{"folioActual":"8","folioFinal":"99999999999","folioInicial":"1","foliosDisponibles":"99999999991","serie":"F"}}}]
        
     87[2026-04-05 06:02:17] Éxito al extraer - Serie: '', FolioActual: ''
Response HTTP Code: 200debug 61debug 7179[{"@attributes":{"noCertificado":"30001000000500003441"},"foliador":{"@attributes":{"folioActual":"8","folioFinal":"99999999999","folioInicial":"1","foliosDisponibles":"99999999991","serie":"F"}}}]
        
     87[2026-04-05 06:07:17] Éxito al extraer - Serie: '', FolioActual: ''
Response HTTP Code: 200SimpleXMLElement Object
(
    [@attributes] => Array
        (
            [noCertificado] => 30001000000500003441
        )

    [foliador] => SimpleXMLElement Object
        (
            [@attributes] => Array
                (
                    [folioActual] => 8
                    [folioFinal] => 99999999999
                    [folioInicial] => 1
                    [foliosDisponibles] => 99999999991
                    [serie] => F
                )

        )

)
[2026-04-05 06:09:43] Éxito al extraer - Serie: 'F', FolioActual: '8'
[2026-04-05 06:25:45] Éxito envío Facturanube (Folio: 8, Serie: F)
[2026-04-05 06:27:25] Éxito envío Facturanube (Folio: 8, Serie: F)
[2026-04-05 06:47:28] Éxito envío Facturanube (Folio: 8, Serie: F)
[2026-04-05 06:50:16] Éxito envío Facturanube (Folio: 9, Serie: F)
<?xml version="1.0" encoding="UTF-8" standalone="no"?>
<Respuesta>
    <xml>https://ep-dot-facturanube.appspot.com/blob?par=dGlwbz0yCmZvbGlvRGVwb3NpdG89MTAKbm9tYXJjaGl2bz1VUkUxODA0MjlUTTZfRkFDVC01OApzdWN1cnNhbD1NYXRyaXoKYWRkZW5kYT0wCnNlcmllPUYKZm9saW89MTAKZW1wcmVzYT1VUkUxODA0MjlUTTYtMzk=</xml>
    <pdf>https://ep-dot-facturanube.appspot.com/reporteMain?tipo=ZW1wcmVzYXJlcD1uZW9yZXBvcnRlcwplbXByZXNhbW92PVVSRTE4MDQyOVRNNi0zOQpzdWN1cnNhbD1NYXRyaXoKcmVwb3J0ZT1DRkRJIDQuMCAtIENPTiBJVkEgLSBTSU5VQkUKc2VyaWU9Rgpmb2xpbz0xMAp0aXBvPTMxCnBpZT0wCm11ZXN0cmFodG1sPTAKbm9tcGRmPVVSRTE4MDQyOVRNNl9GQUNULTU4Cg==</pdf>
    <TipoProceso>NUEVA FACTURA</TipoProceso>
    <UUID>1c6f0cf7-bd38-487b-8c42-f9cbb77b2c30</UUID>
    <folio>10</folio>
    <serie>F</serie>
    <fechaFactura>2026-04-05T00:53:05</fechaFactura>
</Respuesta>
[2026-04-05 06:54:07] Éxito envío Facturanube (Folio: 10, Serie: F)
[2026-04-05 07:06:06] Éxito envío Facturanube (Folio: 11, Serie: F)
124[2026-04-05 07:06:06] Error extracción: Respuesta no encontrada.
[2026-04-05 07:17:40] Éxito envío Facturanube (Folio: 12, Serie: F)
124[2026-04-05 07:17:40] Error extracción: Respuesta no encontrada.
[2026-04-05 07:18:46] Éxito envío Facturanube (Folio: 13, Serie: F)
124[2026-04-05 07:18:46] Error extracción: Respuesta no encontrada.
[2026-04-05 07:20:33] Éxito envío Facturanube (Folio: 14, Serie: F)
124Array
(
    [0] => SimpleXMLElement Object
        (
            [0] => https://ep-dot-facturanube.appspot.com/blob?par=dGlwbz0yCmZvbGlvRGVwb3NpdG89MTQKbm9tYXJjaGl2bz1VUkUxODA0MjlUTTZfRkFDVC01OApzdWN1cnNhbD1NYXRyaXoKYWRkZW5kYT0wCnNlcmllPUYKZm9saW89MTQKZW1wcmVzYT1VUkUxODA0MjlUTTYtMzk=
        )

)
[2026-04-05 07:22:42] Éxito envío Facturanube (Folio: 15, Serie: F)
124[{"0":"https:\/\/ep-dot-facturanube.appspot.com\/blob?par=dGlwbz0yCmZvbGlvRGVwb3NpdG89MTUKbm9tYXJjaGl2bz1VUkUxODA0MjlUTTZfRkFDVC01OApzdWN1cnNhbD1NYXRyaXoKYWRkZW5kYT0wCnNlcmllPUYKZm9saW89MTUKZW1wcmVzYT1VUkUxODA0MjlUTTYtMzk="}][{"0":"https:\/\/ep-dot-facturanube.appspot.com\/reporteMain?tipo=ZW1wcmVzYXJlcD1uZW9yZXBvcnRlcwplbXByZXNhbW92PVVSRTE4MDQyOVRNNi0zOQpzdWN1cnNhbD1NYXRyaXoKcmVwb3J0ZT1DRkRJIDQuMCAtIENPTiBJVkEgLSBTSU5VQkUKc2VyaWU9Rgpmb2xpbz0xNQp0aXBvPTMxCnBpZT0wCm11ZXN0cmFodG1sPTAKbm9tcGRmPVVSRTE4MDQyOVRNNl9GQUNULTU4Cg=="}][2026-04-05 07:24:02] Éxito envío Facturanube (Folio: 16, Serie: F)
124[{"0":"https:\/\/ep-dot-facturanube.appspot.com\/blob?par=dGlwbz0yCmZvbGlvRGVwb3NpdG89MTYKbm9tYXJjaGl2bz1VUkUxODA0MjlUTTZfRkFDVC01OApzdWN1cnNhbD1NYXRyaXoKYWRkZW5kYT0wCnNlcmllPUYKZm9saW89MTYKZW1wcmVzYT1VUkUxODA0MjlUTTYtMzk="}][{"0":"https:\/\/ep-dot-facturanube.appspot.com\/reporteMain?tipo=ZW1wcmVzYXJlcD1uZW9yZXBvcnRlcwplbXByZXNhbW92PVVSRTE4MDQyOVRNNi0zOQpzdWN1cnNhbD1NYXRyaXoKcmVwb3J0ZT1DRkRJIDQuMCAtIENPTiBJVkEgLSBTSU5VQkUKc2VyaWU9Rgpmb2xpbz0xNgp0aXBvPTMxCnBpZT0wCm11ZXN0cmFodG1sPTAKbm9tcGRmPVVSRTE4MDQyOVRNNl9GQUNULTU4Cg=="}][2026-04-05 07:25:24] Éxito envío Facturanube (Folio: 17, Serie: F)
124[[{"0":"https:\/\/ep-dot-facturanube.appspot.com\/reporteMain?tipo=ZW1wcmVzYXJlcD1uZW9yZXBvcnRlcwplbXByZXNhbW92PVVSRTE4MDQyOVRNNi0zOQpzdWN1cnNhbD1NYXRyaXoKcmVwb3J0ZT1DRkRJIDQuMCAtIENPTiBJVkEgLSBTSU5VQkUKc2VyaWU9Rgpmb2xpbz0xNwp0aXBvPTMxCnBpZT0wCm11ZXN0cmFodG1sPTAKbm9tcGRmPVVSRTE4MDQyOVRNNl9GQUNULTU4Cg=="}][2026-04-05 07:28:25] Éxito envío Facturanube (Folio: 18, Serie: F)
124[{"0":"https:\/\/ep-dot-facturanube.appspot.com\/blob?par=dGlwbz0yCmZvbGlvRGVwb3NpdG89MTgKbm9tYXJjaGl2bz1VUkUxODA0MjlUTTZfRkFDVC01OApzdWN1cnNhbD1NYXRyaXoKYWRkZW5kYT0wCnNlcmllPUYKZm9saW89MTgKZW1wcmVzYT1VUkUxODA0MjlUTTYtMzk="}]--------------[{"0":"https:\/\/ep-dot-facturanube.appspot.com\/reporteMain?tipo=ZW1wcmVzYXJlcD1uZW9yZXBvcnRlcwplbXByZXNhbW92PVVSRTE4MDQyOVRNNi0zOQpzdWN1cnNhbD1NYXRyaXoKcmVwb3J0ZT1DRkRJIDQuMCAtIENPTiBJVkEgLSBTSU5VQkUKc2VyaWU9Rgpmb2xpbz0xOAp0aXBvPTMxCnBpZT0wCm11ZXN0cmFodG1sPTAKbm9tcGRmPVVSRTE4MDQyOVRNNl9GQUNULTU4Cg=="}][2026-04-05 07:30:14] Éxito envío Facturanube (Folio: 19, Serie: F)
124Array
(
    [0] => SimpleXMLElement Object
        (
            [0] => https://ep-dot-facturanube.appspot.com/blob?par=dGlwbz0yCmZvbGlvRGVwb3NpdG89MTkKbm9tYXJjaGl2bz1VUkUxODA0MjlUTTZfRkFDVC01OApzdWN1cnNhbD1NYXRyaXoKYWRkZW5kYT0wCnNlcmllPUYKZm9saW89MTkKZW1wcmVzYT1VUkUxODA0MjlUTTYtMzk=
        )

)
--------------Array
(
    [0] => SimpleXMLElement Object
        (
            [0] => https://ep-dot-facturanube.appspot.com/reporteMain?tipo=ZW1wcmVzYXJlcD1uZW9yZXBvcnRlcwplbXByZXNhbW92PVVSRTE4MDQyOVRNNi0zOQpzdWN1cnNhbD1NYXRyaXoKcmVwb3J0ZT1DRkRJIDQuMCAtIENPTiBJVkEgLSBTSU5VQkUKc2VyaWU9Rgpmb2xpbz0xOQp0aXBvPTMxCnBpZT0wCm11ZXN0cmFodG1sPTAKbm9tcGRmPVVSRTE4MDQyOVRNNl9GQUNULTU4Cg==
        )

)
[2026-04-05 07:31:16] Éxito envío Facturanube (Folio: 20, Serie: F)
124SimpleXMLElement Object
(
    [0] => https://ep-dot-facturanube.appspot.com/blob?par=dGlwbz0yCmZvbGlvRGVwb3NpdG89MjAKbm9tYXJjaGl2bz1VUkUxODA0MjlUTTZfRkFDVC01OApzdWN1cnNhbD1NYXRyaXoKYWRkZW5kYT0wCnNlcmllPUYKZm9saW89MjAKZW1wcmVzYT1VUkUxODA0MjlUTTYtMzk=
)
--------------SimpleXMLElement Object
(
    [0] => https://ep-dot-facturanube.appspot.com/reporteMain?tipo=ZW1wcmVzYXJlcD1uZW9yZXBvcnRlcwplbXByZXNhbW92PVVSRTE4MDQyOVRNNi0zOQpzdWN1cnNhbD1NYXRyaXoKcmVwb3J0ZT1DRkRJIDQuMCAtIENPTiBJVkEgLSBTSU5VQkUKc2VyaWU9Rgpmb2xpbz0yMAp0aXBvPTMxCnBpZT0wCm11ZXN0cmFodG1sPTAKbm9tcGRmPVVSRTE4MDQyOVRNNl9GQUNULTU4Cg==
)
[2026-04-05 07:33:13] Éxito envío Facturanube (Folio: 21, Serie: F)
124SimpleXMLElement Object
(
    [0] => https://ep-dot-facturanube.appspot.com/blob?par=dGlwbz0yCmZvbGlvRGVwb3NpdG89MjEKbm9tYXJjaGl2bz1VUkUxODA0MjlUTTZfRkFDVC01OApzdWN1cnNhbD1NYXRyaXoKYWRkZW5kYT0wCnNlcmllPUYKZm9saW89MjEKZW1wcmVzYT1VUkUxODA0MjlUTTYtMzk=
)
---------------SimpleXMLElement Object
(
    [0] => https://ep-dot-facturanube.appspot.com/reporteMain?tipo=ZW1wcmVzYXJlcD1uZW9yZXBvcnRlcwplbXByZXNhbW92PVVSRTE4MDQyOVRNNi0zOQpzdWN1cnNhbD1NYXRyaXoKcmVwb3J0ZT1DRkRJIDQuMCAtIENPTiBJVkEgLSBTSU5VQkUKc2VyaWU9Rgpmb2xpbz0yMQp0aXBvPTMxCnBpZT0wCm11ZXN0cmFodG1sPTAKbm9tcGRmPVVSRTE4MDQyOVRNNl9GQUNULTU4Cg==
)
[2026-04-07 20:29:42] Éxito envío Facturanube (Folio: 23, Serie: F)
[2026-04-07 21:03:14] Éxito envío Facturanube (Folio: 24, Serie: F)
[2026-04-07 21:06:10] Éxito envío Facturanube (Folio: 25, Serie: F)
[2026-04-07 21:18:42] Éxito envío Facturanube (Folio: 26, Serie: F)
[2026-04-07 21:18:44] Éxito envío Facturanube (Folio: 27, Serie: F)
[2026-04-07 23:20:30] Éxito envío Facturanube (Folio: 28, Serie: F)
[2026-04-07 23:27:52] XML GENERADO (Folio: 28, MovID: 195302):
<?xml version="1.0" encoding="utf-8"?>
<Comprobante exportacion="01" version="CFDI 4.0" sistema="OBRADORCARNICERIA" generar="Factura" rfcEmisor="URE180429TM6-39" sucursal="Matriz" codigoReporte="CFDI 4.0 - CON IVA - SINUBE" permiteAgregarProductosNoInv="1" nomArchivoDescarga="URE180429TM6_FACT-A195302" noCertificado="30001000000500003441" serie="F" folio="28" formaDePago="03" condicionesDePago="CONTADO" fechaPagoProbable="1774995997474" metodoDePago="PUE" subtotal="476.60" descuento="0" porcentajeIVA="0" montoIVA="0.00" total="476.60" monedaSinube="MXN" monedaSAT="MXN" difZonaHoraria="-06">
   <Receptor rfc="XAXX010101000" razonSocial="VENTA MOSTRADOR" usoCFDI="G03" esPersonaFisica="0" regimenFiscal="616" cliente="2"/>
   <ReceptorDireccion pais="MEX" codigoPostal="54030" ></ReceptorDireccion>
   <Conceptos>
       <Concepto productoSinube="01010101" productoSAT="01010101" descripcion="ARRACHERA TEXANA" cantidad="1" unidadSinube="PIEZA" unidadSAT="H87" valorUnitario="115.00" descuento="0" tipoIVA="Exento" montoBaseIVA="115.00" montoIVA="0.00" importe="115.00" subtotalDet="115.00" objetoImp="01" />
       <Concepto productoSinube="01010101" productoSAT="01010101" descripcion="ARRACHERA DE TERNERA" cantidad="1" unidadSinube="PIEZA" unidadSAT="H87" valorUnitario="160.00" descuento="0" tipoIVA="Exento" montoBaseIVA="160.00" montoIVA="0.00" importe="160.00" subtotalDet="160.00" objetoImp="01" />
       <Concepto productoSinube="01010101" productoSAT="01010101" descripcion="CABEZA" cantidad="7.2" unidadSinube="PIEZA" unidadSAT="H87" valorUnitario="201.60" descuento="0" tipoIVA="Exento" montoBaseIVA="201.60" montoIVA="0.00" importe="201.60" subtotalDet="201.60" objetoImp="01" />
   </Conceptos>
</Comprobante>
-----------------------
[2026-04-07 23:27:52] Éxito envío Facturanube (Folio: 28, Serie: F)
[2026-04-07 23:27:52] Error extracción links: La respuesta fue exitosa pero no incluye UUID válido.
[2026-04-07 23:31:31] XML GENERADO (Folio: 28, MovID: 195302):
<?xml version="1.0" encoding="utf-8"?>
<Comprobante exportacion="01" version="CFDI 4.0" sistema="OBRADORCARNICERIA" generar="Factura" rfcEmisor="URE180429TM6-39" sucursal="Matriz" codigoReporte="CFDI 4.0 - CON IVA - SINUBE" permiteAgregarProductosNoInv="1" nomArchivoDescarga="URE180429TM6_FACT-A195302" noCertificado="30001000000500003441" serie="F" folio="28" formaDePago="03" condicionesDePago="CONTADO" fechaPagoProbable="1774995997474" metodoDePago="PUE" subtotal="476.60" descuento="0" porcentajeIVA="0" montoIVA="0.00" total="476.60" monedaSinube="MXN" monedaSAT="MXN" difZonaHoraria="-06">
   <Receptor rfc="XAXX010101000" razonSocial="VENTA MOSTRADOR" usoCFDI="G03" esPersonaFisica="0" regimenFiscal="616" cliente="2"/>
   <ReceptorDireccion pais="MEX" codigoPostal="54030" ></ReceptorDireccion>
   <Conceptos>
       <Concepto productoSinube="01010101" productoSAT="01010101" descripcion="ARRACHERA TEXANA" cantidad="1" unidadSinube="PIEZA" unidadSAT="H87" valorUnitario="115.00" descuento="0" tipoIVA="Exento" montoBaseIVA="115.00" montoIVA="0.00" importe="115.00" subtotalDet="115.00" objetoImp="01" />
       <Concepto productoSinube="01010101" productoSAT="01010101" descripcion="ARRACHERA DE TERNERA" cantidad="1" unidadSinube="PIEZA" unidadSAT="H87" valorUnitario="160.00" descuento="0" tipoIVA="Exento" montoBaseIVA="160.00" montoIVA="0.00" importe="160.00" subtotalDet="160.00" objetoImp="01" />
       <Concepto productoSinube="01010101" productoSAT="01010101" descripcion="CABEZA" cantidad="7.2" unidadSinube="PIEZA" unidadSAT="H87" valorUnitario="201.60" descuento="0" tipoIVA="Exento" montoBaseIVA="201.60" montoIVA="0.00" importe="201.60" subtotalDet="201.60" objetoImp="01" />
   </Conceptos>
</Comprobante>
-----------------------
[2026-04-07 23:31:31] Éxito envío Facturanube (Folio: 28, Serie: F)
[2026-04-07 23:31:31] Error extracción links: La respuesta fue exitosa pero no incluye UUID válido.
[2026-04-07 23:59:24] XML GENERADO (Folio: 28, MovID: 195302):
<?xml version="1.0" encoding="utf-8"?>
<Comprobante exportacion="01" version="CFDI 4.0" sistema="OBRADORCARNICERIA" generar="Factura" rfcEmisor="URE180429TM6-39" sucursal="Matriz" codigoReporte="CFDI 4.0 - CON IVA - SINUBE" permiteAgregarProductosNoInv="1" nomArchivoDescarga="URE180429TM6_FACT-A195302" noCertificado="30001000000500003441" serie="F" folio="28" formaDePago="03" condicionesDePago="CONTADO" fechaPagoProbable="1774995997474" metodoDePago="PUE" subtotal="476.60" descuento="0" porcentajeIVA="0" montoIVA="0.00" total="476.60" monedaSinube="MXN" monedaSAT="MXN" difZonaHoraria="-06">
   <Receptor rfc="XAXX010101000" razonSocial="VENTA MOSTRADOR" usoCFDI="G03" esPersonaFisica="0" regimenFiscal="616" cliente="2"/>
   <ReceptorDireccion pais="MEX" codigoPostal="54030" ></ReceptorDireccion>
   <Conceptos>
       <Concepto productoSinube="01010101" productoSAT="01010101" descripcion="ARRACHERA TEXANA" cantidad="1" unidadSinube="PIEZA" unidadSAT="H87" valorUnitario="115.00" descuento="0" tipoIVA="Exento" montoBaseIVA="115.00" montoIVA="0.00" importe="115.00" subtotalDet="115.00" objetoImp="01" />
       <Concepto productoSinube="01010101" productoSAT="01010101" descripcion="ARRACHERA DE TERNERA" cantidad="1" unidadSinube="PIEZA" unidadSAT="H87" valorUnitario="160.00" descuento="0" tipoIVA="Exento" montoBaseIVA="160.00" montoIVA="0.00" importe="160.00" subtotalDet="160.00" objetoImp="01" />
       <Concepto productoSinube="01010101" productoSAT="01010101" descripcion="CABEZA" cantidad="7.2" unidadSinube="PIEZA" unidadSAT="H87" valorUnitario="201.60" descuento="0" tipoIVA="Exento" montoBaseIVA="201.60" montoIVA="0.00" importe="201.60" subtotalDet="201.60" objetoImp="01" />
   </Conceptos>
</Comprobante>
-----------------------
[2026-04-07 23:59:24] Éxito envío Facturanube (Folio: 28, Serie: F)
[2026-04-07 23:59:24] Error extracción links: La respuesta fue exitosa pero no incluye UUID válido.
[2026-04-08 00:02:21] XML GENERADO (Folio: 28, MovID: 195302):
<?xml version="1.0" encoding="utf-8"?>
<Comprobante exportacion="01" version="CFDI 4.0" sistema="OBRADORCARNICERIA" generar="Factura" rfcEmisor="URE180429TM6-39" sucursal="Matriz" codigoReporte="CFDI 4.0 - CON IVA - SINUBE" permiteAgregarProductosNoInv="1" nomArchivoDescarga="URE180429TM6_FACT-A195302" noCertificado="30001000000500003441" serie="F" folio="28" formaDePago="03" condicionesDePago="CONTADO" fechaPagoProbable="1775628141430" metodoDePago="PUE" subtotal="410.86" descuento="0" porcentajeIVA="16" montoIVA="65.74" total="476.6" monedaSinube="MXN" monedaSAT="MXN" difZonaHoraria="-06">
   <Receptor rfc="XAXX010101000" razonSocial="VENTA MOSTRADOR" usoCFDI="G03" esPersonaFisica="0" regimenFiscal="616" cliente="2"/>
   <ReceptorDireccion pais="MEX" codigoPostal="54030" ></ReceptorDireccion>
   <Conceptos>
       <Concepto productoSinube="01010101" productoSAT="01010101" descripcion="ARRACHERA TEXANA" cantidad="1" unidadSinube="PIEZA" unidadSAT="H87" valorUnitario="99.14" descuento="0" tipoIVA="Causa IVA" montoBaseIVA="99.14" montoIVA="15.86" importe="115" subtotalDet="99.14" objetoImp="02" />       <Concepto productoSinube="01010101" productoSAT="01010101" descripcion="ARRACHERA DE TERNERA" cantidad="1" unidadSinube="PIEZA" unidadSAT="H87" valorUnitario="137.93" descuento="0" tipoIVA="Causa IVA" montoBaseIVA="137.93" montoIVA="22.07" importe="160" subtotalDet="137.93" objetoImp="02" />       <Concepto productoSinube="01010101" productoSAT="01010101" descripcion="CABEZA" cantidad="7.2" unidadSinube="PIEZA" unidadSAT="H87" valorUnitario="24.1375" descuento="0" tipoIVA="Causa IVA" montoBaseIVA="173.79" montoIVA="27.81" importe="201.6" subtotalDet="173.79" objetoImp="02" />   </Conceptos>
</Comprobante>
-----------------------
[2026-04-08 00:02:21] Éxito envío Facturanube (Folio: 28, Serie: F)
[2026-04-08 00:02:21] Error extracción links: La respuesta fue exitosa pero no incluye UUID válido.
[2026-04-08 00:20:42] XML GENERADO (Folio: 29, MovID: 195302):
<?xml version="1.0" encoding="utf-8"?>
<Comprobante exportacion="01" version="CFDI 4.0" sistema="OBRADORCARNICERIA" generar="Factura" rfcEmisor="URE180429TM6-39" sucursal="Matriz" codigoReporte="CFDI 4.0 - CON IVA - SINUBE" permiteAgregarProductosNoInv="1" nomArchivoDescarga="URE180429TM6_FACT-A195302" noCertificado="30001000000500003441" serie="F" folio="29" formaDePago="03" condicionesDePago="CONTADO" fechaPagoProbable="1775629242122" metodoDePago="PUE" subtotal="410.86" descuento="0" porcentajeIVA="16" montoIVA="65.74" total="476.6" monedaSinube="MXN" monedaSAT="MXN" difZonaHoraria="-06">
   <Receptor rfc="OHM191218EH7" razonSocial="OBRADOR HNOS MIRANDA" usoCFDI="G03" esPersonaFisica="0" regimenFiscal="601"/>
   <ReceptorDireccion pais="MEX" codigoPostal="54030" ></ReceptorDireccion>
   <Conceptos>
       <Concepto productoSinube="01010101" productoSAT="01010101" descripcion="ARRACHERA TEXANA" cantidad="1" unidadSinube="PIEZA" unidadSAT="H87" valorUnitario="99.14" descuento="0" tipoIVA="Causa IVA" montoBaseIVA="99.14" montoIVA="15.86" importe="115" subtotalDet="99.14" objetoImp="02" />       <Concepto productoSinube="01010101" productoSAT="01010101" descripcion="ARRACHERA DE TERNERA" cantidad="1" unidadSinube="PIEZA" unidadSAT="H87" valorUnitario="137.93" descuento="0" tipoIVA="Causa IVA" montoBaseIVA="137.93" montoIVA="22.07" importe="160" subtotalDet="137.93" objetoImp="02" />       <Concepto productoSinube="01010101" productoSAT="01010101" descripcion="CABEZA" cantidad="7.2" unidadSinube="PIEZA" unidadSAT="H87" valorUnitario="24.1375" descuento="0" tipoIVA="Causa IVA" montoBaseIVA="173.79" montoIVA="27.81" importe="201.6" subtotalDet="173.79" objetoImp="02" />   </Conceptos>
</Comprobante>
-----------------------
[2026-04-08 00:20:44] Éxito envío Facturanube (Folio: 29, Serie: F)
[2026-04-08 00:20:44] Error extracción links: La respuesta fue exitosa pero no incluye UUID válido.
[2026-04-08 01:11:10] XML GENERADO (Folio: 34, MovID: 195302):
<?xml version="1.0" encoding="utf-8"?>
<Comprobante exportacion="01" version="CFDI 4.0" sistema="OBRADORCARNICERIA" generar="Factura" rfcEmisor="URE180429TM6-39" sucursal="Matriz" codigoReporte="CFDI 4.0 - CON IVA - SINUBE" permiteAgregarProductosNoInv="1" nomArchivoDescarga="URE180429TM6_FACT-A195302" noCertificado="30001000000500003441" serie="F" folio="34" formaDePago="03" condicionesDePago="CONTADO" fechaPagoProbable="1775632270763" metodoDePago="PUE" subtotal="410.86" descuento="0" porcentajeIVA="16" montoIVA="65.74" total="476.6" monedaSinube="MXN" monedaSAT="MXN" difZonaHoraria="-06">
   <Receptor rfc="OHM191218EH7" razonSocial="OBRADOR HNOS MIRANDA" usoCFDI="G03" esPersonaFisica="0" regimenFiscal="601"/>
   <ReceptorDireccion pais="MEX" codigoPostal="54030" ></ReceptorDireccion>
   <Conceptos>
       <Concepto productoSinube="01010101" productoSAT="01010101" descripcion="ARRACHERA TEXANA" cantidad="1" unidadSinube="PIEZA" unidadSAT="H87" valorUnitario="115" descuento="0" tipoIVA="Causa IVA" montoBaseIVA="115" montoIVA="18.4" importe="115" subtotalDet="115" objetoImp="02" />       <Concepto productoSinube="01010101" productoSAT="01010101" descripcion="ARRACHERA DE TERNERA" cantidad="1" unidadSinube="PIEZA" unidadSAT="H87" valorUnitario="160" descuento="0" tipoIVA="Causa IVA" montoBaseIVA="160" montoIVA="25.6" importe="160" subtotalDet="160" objetoImp="02" />       <Concepto productoSinube="01010101" productoSAT="01010101" descripcion="CABEZA" cantidad="7.2" unidadSinube="PIEZA" unidadSAT="H87" valorUnitario="28" descuento="0" tipoIVA="Causa IVA" montoBaseIVA="201.6" montoIVA="32.26" importe="201.6" subtotalDet="201.6" objetoImp="02" />   </Conceptos>
</Comprobante>
-----------------------
[2026-04-08 01:11:12] Éxito envío Facturanube (Folio: 34, Serie: F)
[2026-04-08 01:11:12] Error extracción links: La respuesta fue exitosa pero no incluye UUID válido.
[2026-04-17 01:17:48] XML GENERADO (Folio: 37, MovID: 195302):
<?xml version="1.0" encoding="utf-8"?>
<Comprobante exportacion="01" version="CFDI 4.0" sistema="OBRADORCARNICERIA" generar="Factura" rfcEmisor="URE180429TM6-39" sucursal="Matriz" codigoReporte="CFDI 4.0 - CON IVA - SINUBE" permiteAgregarProductosNoInv="1" nomArchivoDescarga="URE180429TM6_FACT-A195302" noCertificado="30001000000500003441" serie="F" folio="37" formaDePago="03" condicionesDePago="CONTADO" fechaPagoProbable="1776410268836" metodoDePago="PUE" subtotal="410.86" descuento="0" porcentajeIVA="16" montoIVA="65.74" total="476.6" monedaSinube="MXN" monedaSAT="MXN" difZonaHoraria="-06">
   <Receptor rfc="OHM191218EH7" razonSocial="OBRADOR HNOS MIRANDA" usoCFDI="G03" esPersonaFisica="0" regimenFiscal="601"/>
   <ReceptorDireccion pais="MEX" codigoPostal="54030" ></ReceptorDireccion>
   <Conceptos>
       <Concepto productoSinube="01010101" productoSAT="01010101" descripcion="ARRACHERA TEXANA" cantidad="1" unidadSinube="PIEZA" unidadSAT="H87" valorUnitario="115" descuento="0" tipoIVA="Causa IVA" montoBaseIVA="115" montoIVA="18.4" importe="115" subtotalDet="115" objetoImp="02" />       <Concepto productoSinube="01010101" productoSAT="01010101" descripcion="ARRACHERA DE TERNERA" cantidad="1" unidadSinube="PIEZA" unidadSAT="H87" valorUnitario="160" descuento="0" tipoIVA="Causa IVA" montoBaseIVA="160" montoIVA="25.6" importe="160" subtotalDet="160" objetoImp="02" />       <Concepto productoSinube="01010101" productoSAT="01010101" descripcion="CABEZA" cantidad="7.2" unidadSinube="PIEZA" unidadSAT="H87" valorUnitario="28" descuento="0" tipoIVA="Causa IVA" montoBaseIVA="201.6" montoIVA="32.26" importe="201.6" subtotalDet="201.6" objetoImp="02" />   </Conceptos>
</Comprobante>
-----------------------
[2026-04-17 01:17:50] Éxito envío Facturanube (Folio: 37, Serie: F)
[2026-04-17 01:17:50] Error extracción links: La respuesta fue exitosa pero no incluye UUID válido.
[2026-04-17 21:10:42] XML GENERADO (Folio: 45, MovID: 195302):
<?xml version="1.0" encoding="utf-8"?>
<Comprobante exportacion="01" version="CFDI 4.0" sistema="OBRADORCARNICERIA" generar="Factura" rfcEmisor="URE180429TM6-39" sucursal="Matriz" codigoReporte="CFDI 4.0 - CON IVA - SINUBE" permiteAgregarProductosNoInv="1" nomArchivoDescarga="URE180429TM6_FACT-A195302" noCertificado="30001000000500003441" serie="F" folio="45" formaDePago="03" condicionesDePago="CONTADO" fechaPagoProbable="1776481842048" metodoDePago="PUE" subtotal="410.86" descuento="0" porcentajeIVA="16" montoIVA="65.74" total="476.6" monedaSinube="MXN" monedaSAT="MXN" difZonaHoraria="-06">
   <Receptor rfc="OHM191218EH7" razonSocial="OBRADOR HNOS MIRANDA" usoCFDI="G03" esPersonaFisica="0" regimenFiscal="601"/>
   <ReceptorDireccion pais="MEX" codigoPostal="54030" ></ReceptorDireccion>
   <Conceptos>
       <Concepto productoSinube="01010101" productoSAT="01010101" descripcion="ARRACHERA TEXANA" cantidad="1" unidadSinube="PIEZA" unidadSAT="H87" valorUnitario="115" descuento="0" tipoIVA="{tipoIVA}" montoBaseIVA="115" montoIVA="0" importe="115" subtotalDet="115" objetoImp="02" />       <Concepto productoSinube="01010101" productoSAT="01010101" descripcion="ARRACHERA DE TERNERA" cantidad="1" unidadSinube="PIEZA" unidadSAT="H87" valorUnitario="160" descuento="0" tipoIVA="{tipoIVA}" montoBaseIVA="160" montoIVA="0" importe="160" subtotalDet="160" objetoImp="02" />       <Concepto productoSinube="01010101" productoSAT="01010101" descripcion="CABEZA" cantidad="7.2" unidadSinube="PIEZA" unidadSAT="H87" valorUnitario="28" descuento="0" tipoIVA="{tipoIVA}" montoBaseIVA="201.6" montoIVA="0" importe="201.6" subtotalDet="201.6" objetoImp="02" />   </Conceptos>
</Comprobante>
-----------------------
[2026-04-17 21:10:42] Éxito envío Facturanube (Folio: 45, Serie: F)
[2026-04-17 21:10:42] Error extracción links: La respuesta fue exitosa pero no incluye UUID válido.
[2026-04-17 21:16:28] XML GENERADO (Folio: 45, MovID: 195302):
<?xml version="1.0" encoding="utf-8"?>
<Comprobante exportacion="01" version="CFDI 4.0" sistema="OBRADORCARNICERIA" generar="Factura" rfcEmisor="URE180429TM6-39" sucursal="Matriz" codigoReporte="CFDI 4.0 - CON IVA - SINUBE" permiteAgregarProductosNoInv="1" nomArchivoDescarga="URE180429TM6_FACT-A195302" noCertificado="30001000000500003441" serie="F" folio="45" formaDePago="03" condicionesDePago="CONTADO" fechaPagoProbable="1776482188085" metodoDePago="PUE" subtotal="410.86" descuento="0" porcentajeIVA="16" montoIVA="65.74" total="476.6" monedaSinube="MXN" monedaSAT="MXN" difZonaHoraria="-06">
   <Receptor rfc="OHM191218EH7" razonSocial="OBRADOR HNOS MIRANDA" usoCFDI="G03" esPersonaFisica="0" regimenFiscal="601"/>
   <ReceptorDireccion pais="MEX" codigoPostal="54030" ></ReceptorDireccion>
   <Conceptos>
       <Concepto productoSinube="01010101" productoSAT="01010101" descripcion="ARRACHERA TEXANA" cantidad="1" unidadSinube="PIEZA" unidadSAT="H87" valorUnitario="115" descuento="0" tipoIVA="IVA 0%" montoBaseIVA="115" montoIVA="0" importe="115" subtotalDet="115" objetoImp="02" />       <Concepto productoSinube="01010101" productoSAT="01010101" descripcion="ARRACHERA DE TERNERA" cantidad="1" unidadSinube="PIEZA" unidadSAT="H87" valorUnitario="160" descuento="0" tipoIVA="IVA 0%" montoBaseIVA="160" montoIVA="0" importe="160" subtotalDet="160" objetoImp="02" />       <Concepto productoSinube="01010101" productoSAT="01010101" descripcion="CABEZA" cantidad="7.2" unidadSinube="PIEZA" unidadSAT="H87" valorUnitario="28" descuento="0" tipoIVA="IVA 0%" montoBaseIVA="201.6" montoIVA="0" importe="201.6" subtotalDet="201.6" objetoImp="02" />   </Conceptos>
</Comprobante>
-----------------------
[2026-04-17 21:16:30] Éxito envío Facturanube (Folio: 45, Serie: F)
[2026-04-17 21:16:30] Error extracción links: La respuesta fue exitosa pero no incluye UUID válido.
[2026-04-17 21:19:08] XML GENERADO (Folio: 45, MovID: 195302):
<?xml version="1.0" encoding="utf-8"?>
<Comprobante exportacion="01" version="CFDI 4.0" sistema="OBRADORCARNICERIA" generar="Factura" rfcEmisor="URE180429TM6-39" sucursal="Matriz" codigoReporte="CFDI 4.0 - CON IVA - SINUBE" permiteAgregarProductosNoInv="1" nomArchivoDescarga="URE180429TM6_FACT-A195302" noCertificado="30001000000500003441" serie="F" folio="45" formaDePago="03" condicionesDePago="CONTADO" fechaPagoProbable="1776482348206" metodoDePago="PUE" subtotal="410.86" descuento="0" porcentajeIVA="16" montoIVA="65.74" total="476.6" monedaSinube="MXN" monedaSAT="MXN" difZonaHoraria="-06">
   <Receptor rfc="OHM191218EH7" razonSocial="OBRADOR HNOS MIRANDA" usoCFDI="G03" esPersonaFisica="0" regimenFiscal="601"/>
   <ReceptorDireccion pais="MEX" codigoPostal="54030" ></ReceptorDireccion>
   <Conceptos>
       <Concepto productoSinube="01010101" productoSAT="01010101" descripcion="ARRACHERA TEXANA" cantidad="1" unidadSinube="PIEZA" unidadSAT="H87" valorUnitario="115" descuento="0" tipoIVA="IVA 0%" montoBaseIVA="115" montoIVA="0" importe="115" subtotalDet="115" objetoImp="02" />       <Concepto productoSinube="01010101" productoSAT="01010101" descripcion="ARRACHERA DE TERNERA" cantidad="1" unidadSinube="PIEZA" unidadSAT="H87" valorUnitario="160" descuento="0" tipoIVA="IVA 0%" montoBaseIVA="160" montoIVA="0" importe="160" subtotalDet="160" objetoImp="02" />       <Concepto productoSinube="01010101" productoSAT="01010101" descripcion="CABEZA" cantidad="7.2" unidadSinube="PIEZA" unidadSAT="H87" valorUnitario="28" descuento="0" tipoIVA="IVA 0%" montoBaseIVA="201.6" montoIVA="0" importe="201.6" subtotalDet="201.6" objetoImp="02" />   </Conceptos>
</Comprobante>
-----------------------
[2026-04-17 21:19:10] Éxito envío Facturanube (Folio: 45, Serie: F)
[2026-04-17 21:19:10] 
    
 
[2026-04-17 21:19:10] Error extracción links: La respuesta fue exitosa pero no incluye UUID válido.
[2026-04-17 21:23:30] XML GENERADO (Folio: 45, MovID: 195302):
<?xml version="1.0" encoding="utf-8"?>
<Comprobante exportacion="01" version="CFDI 4.0" sistema="OBRADORCARNICERIA" generar="Factura" rfcEmisor="URE180429TM6-39" sucursal="Matriz" codigoReporte="CFDI 4.0 - CON IVA - SINUBE" permiteAgregarProductosNoInv="1" nomArchivoDescarga="URE180429TM6_FACT-A195302" noCertificado="30001000000500003441" serie="F" folio="45" formaDePago="03" condicionesDePago="CONTADO" fechaPagoProbable="1776482610015" metodoDePago="PUE" subtotal="410.86" descuento="0" porcentajeIVA="16" montoIVA="65.74" total="476.6" monedaSinube="MXN" monedaSAT="MXN" difZonaHoraria="-06">
   <Receptor rfc="OHM191218EH7" razonSocial="OBRADOR HNOS MIRANDA" usoCFDI="G03" esPersonaFisica="0" regimenFiscal="601"/>
   <ReceptorDireccion pais="MEX" codigoPostal="54030" ></ReceptorDireccion>
   <Conceptos>
       <Concepto productoSinube="01010101" productoSAT="01010101" descripcion="ARRACHERA TEXANA" cantidad="1" unidadSinube="PIEZA" unidadSAT="H87" valorUnitario="115" descuento="0" tipoIVA="IVA 0%" montoBaseIVA="115" montoIVA="0" importe="115" subtotalDet="115" objetoImp="02" />       <Concepto productoSinube="01010101" productoSAT="01010101" descripcion="ARRACHERA DE TERNERA" cantidad="1" unidadSinube="PIEZA" unidadSAT="H87" valorUnitario="160" descuento="0" tipoIVA="IVA 0%" montoBaseIVA="160" montoIVA="0" importe="160" subtotalDet="160" objetoImp="02" />       <Concepto productoSinube="01010101" productoSAT="01010101" descripcion="CABEZA" cantidad="7.2" unidadSinube="PIEZA" unidadSAT="H87" valorUnitario="28" descuento="0" tipoIVA="IVA 0%" montoBaseIVA="201.6" montoIVA="0" importe="201.6" subtotalDet="201.6" objetoImp="02" />   </Conceptos>
</Comprobante>
-----------------------
[2026-04-17 21:23:31] Éxito envío Facturanube (Folio: 45, Serie: F)
[2026-04-17 21:23:31] 
    
 
[2026-04-17 21:23:31] Error extracción links: La respuesta fue exitosa pero no incluye UUID válido.
[2026-04-17 21:24:03] XML GENERADO (Folio: 45, MovID: 195302):
<?xml version="1.0" encoding="utf-8"?>
<Comprobante exportacion="01" version="CFDI 4.0" sistema="OBRADORCARNICERIA" generar="Factura" rfcEmisor="URE180429TM6-39" sucursal="Matriz" codigoReporte="CFDI 4.0 - CON IVA - SINUBE" permiteAgregarProductosNoInv="1" nomArchivoDescarga="URE180429TM6_FACT-A195302" noCertificado="30001000000500003441" serie="F" folio="45" formaDePago="03" condicionesDePago="CONTADO" fechaPagoProbable="1776482643735" metodoDePago="PUE" subtotal="410.86" descuento="0" porcentajeIVA="0" montoIVA="0" total="476.6" monedaSinube="MXN" monedaSAT="MXN" difZonaHoraria="-06">
   <Receptor rfc="OHM191218EH7" razonSocial="OBRADOR HNOS MIRANDA" usoCFDI="G03" esPersonaFisica="0" regimenFiscal="601"/>
   <ReceptorDireccion pais="MEX" codigoPostal="54030" ></ReceptorDireccion>
   <Conceptos>
       <Concepto productoSinube="01010101" productoSAT="01010101" descripcion="ARRACHERA TEXANA" cantidad="1" unidadSinube="PIEZA" unidadSAT="H87" valorUnitario="115" descuento="0" tipoIVA="IVA 0%" montoBaseIVA="115" montoIVA="0" importe="115" subtotalDet="115" objetoImp="02" />       <Concepto productoSinube="01010101" productoSAT="01010101" descripcion="ARRACHERA DE TERNERA" cantidad="1" unidadSinube="PIEZA" unidadSAT="H87" valorUnitario="160" descuento="0" tipoIVA="IVA 0%" montoBaseIVA="160" montoIVA="0" importe="160" subtotalDet="160" objetoImp="02" />       <Concepto productoSinube="01010101" productoSAT="01010101" descripcion="CABEZA" cantidad="7.2" unidadSinube="PIEZA" unidadSAT="H87" valorUnitario="28" descuento="0" tipoIVA="IVA 0%" montoBaseIVA="201.6" montoIVA="0" importe="201.6" subtotalDet="201.6" objetoImp="02" />   </Conceptos>
</Comprobante>
-----------------------
[2026-04-17 21:24:04] Éxito envío Facturanube (Folio: 45, Serie: F)
[2026-04-17 21:24:04] 
    
 
[2026-04-17 21:24:04] Error extracción links: La respuesta fue exitosa pero no incluye UUID válido.
[2026-04-17 21:38:01] XML GENERADO (Folio: 49, MovID: 195302):
<?xml version="1.0" encoding="utf-8"?>
<Comprobante exportacion="01" version="CFDI 4.0" sistema="OBRADORCARNICERIA" generar="Factura" rfcEmisor="URE180429TM6-39" sucursal="Matriz" codigoReporte="CFDI 4.0 - CON IVA - SINUBE" permiteAgregarProductosNoInv="1" nomArchivoDescarga="URE180429TM6_FACT-195302-F-49" noCertificado="30001000000500003441" serie="F" folio="49" formaDePago="03" condicionesDePago="CONTADO" fechaPagoProbable="1776483481025" metodoDePago="PUE" subtotal="410.86" descuento="0" porcentajeIVA="16" montoIVA="0" total="476.6" monedaSinube="MXN" monedaSAT="MXN" difZonaHoraria="-06">
   <Receptor rfc="OHM191218EH7" razonSocial="OBRADOR HNOS MIRANDA" usoCFDI="G03" esPersonaFisica="0" regimenFiscal="601"/>
   <ReceptorDireccion pais="MEX" codigoPostal="54030" ></ReceptorDireccion>
   <Conceptos>
       <Concepto productoSinube="01010101" productoSAT="01010101" descripcion="ARRACHERA TEXANA" cantidad="1" unidadSinube="PIEZA" unidadSAT="H87" valorUnitario="115" descuento="0" tipoIVA="IVA 0%" montoBaseIVA="115" montoIVA="0" importe="115" subtotalDet="115" objetoImp="02" />       <Concepto productoSinube="01010101" productoSAT="01010101" descripcion="ARRACHERA DE TERNERA" cantidad="1" unidadSinube="PIEZA" unidadSAT="H87" valorUnitario="160" descuento="0" tipoIVA="IVA 0%" montoBaseIVA="160" montoIVA="0" importe="160" subtotalDet="160" objetoImp="02" />       <Concepto productoSinube="01010101" productoSAT="01010101" descripcion="CABEZA" cantidad="7.2" unidadSinube="PIEZA" unidadSAT="H87" valorUnitario="28" descuento="0" tipoIVA="IVA 0%" montoBaseIVA="201.6" montoIVA="0" importe="201.6" subtotalDet="201.6" objetoImp="02" />   </Conceptos>
</Comprobante>
-----------------------
[2026-04-17 21:38:02] Éxito envío Facturanube (Folio: 49, Serie: F)
[2026-04-17 21:38:02] 
    
 
[2026-04-17 21:38:02] Error extracción links: La respuesta fue exitosa pero no incluye UUID válido.
[2026-04-17 21:41:35] XML GENERADO (Folio: 49, MovID: 195302):
<?xml version="1.0" encoding="utf-8"?>
<Comprobante exportacion="01" version="CFDI 4.0" sistema="OBRADORCARNICERIA" generar="Factura" rfcEmisor="URE180429TM6-39" sucursal="Matriz" codigoReporte="CFDI 4.0 - CON IVA - SINUBE" permiteAgregarProductosNoInv="1" nomArchivoDescarga="URE180429TM6_FACT-195302-F-49" noCertificado="30001000000500003441" serie="F" folio="49" formaDePago="03" condicionesDePago="CONTADO" fechaPagoProbable="1776483695040" metodoDePago="PUE" subtotal="476.6" descuento="0" porcentajeIVA="16" montoIVA="0" total="476.6" monedaSinube="MXN" monedaSAT="MXN" difZonaHoraria="-06">
   <Receptor rfc="OHM191218EH7" razonSocial="OBRADOR HNOS MIRANDA" usoCFDI="G03" esPersonaFisica="0" regimenFiscal="601"/>
   <ReceptorDireccion pais="MEX" codigoPostal="54030" ></ReceptorDireccion>
   <Conceptos>
       <Concepto productoSinube="01010101" productoSAT="01010101" descripcion="ARRACHERA TEXANA" cantidad="1" unidadSinube="PIEZA" unidadSAT="H87" valorUnitario="115" descuento="0" tipoIVA="IVA 0%" montoBaseIVA="115" montoIVA="0" importe="115" subtotalDet="115" objetoImp="02" />       <Concepto productoSinube="01010101" productoSAT="01010101" descripcion="ARRACHERA DE TERNERA" cantidad="1" unidadSinube="PIEZA" unidadSAT="H87" valorUnitario="160" descuento="0" tipoIVA="IVA 0%" montoBaseIVA="160" montoIVA="0" importe="160" subtotalDet="160" objetoImp="02" />       <Concepto productoSinube="01010101" productoSAT="01010101" descripcion="CABEZA" cantidad="7.2" unidadSinube="PIEZA" unidadSAT="H87" valorUnitario="28" descuento="0" tipoIVA="IVA 0%" montoBaseIVA="201.6" montoIVA="0" importe="201.6" subtotalDet="201.6" objetoImp="02" />   </Conceptos>
</Comprobante>
-----------------------
[2026-04-17 21:41:37] Éxito envío Facturanube (Folio: 49, Serie: F)
[2026-04-17 21:41:37] 
    
 
[2026-04-17 21:41:37] Error extracción links: La respuesta fue exitosa pero no incluye UUID válido.
[2026-04-17 23:30:21] XML GENERADO (Folio: 51, MovID: 195302):
<?xml version="1.0" encoding="utf-8"?>
<Comprobante exportacion="01" version="CFDI 4.0" sistema="OBRADORCARNICERIA" generar="Factura" rfcEmisor="URE180429TM6-39" sucursal="Matriz" codigoReporte="CFDI 4.0 - CON IVA - SINUBE-COPIA" permiteAgregarProductosNoInv="1" nomArchivoDescarga="URE180429TM6_FACT-195302-F-51" noCertificado="30001000000500003441" serie="F" folio="51" formaDePago="03" condicionesDePago="CONTADO" fechaPagoProbable="1776490221540" metodoDePago="PUE" subtotal="476.6" descuento="0" porcentajeIVA="16" montoIVA="0" total="476.6" monedaSinube="MXN" monedaSAT="MXN" difZonaHoraria="-06">
   <Receptor rfc="OHM191218EH7" razonSocial="OBRADOR HNOS MIRANDA" usoCFDI="G03" esPersonaFisica="0" regimenFiscal="601"/>
   <ReceptorDireccion pais="MEX" codigoPostal="54030" ></ReceptorDireccion>
   <Conceptos>
       <Concepto productoSinube="01010101" productoSAT="01010101" descripcion="ARRACHERA TEXANA" cantidad="1" unidadSinube="PIEZA" unidadSAT="H87" valorUnitario="115" descuento="0" tipoIVA="IVA 0%" montoBaseIVA="115" montoIVA="0" importe="115" subtotalDet="115" objetoImp="02" />       <Concepto productoSinube="01010101" productoSAT="01010101" descripcion="ARRACHERA DE TERNERA" cantidad="1" unidadSinube="PIEZA" unidadSAT="H87" valorUnitario="160" descuento="0" tipoIVA="IVA 0%" montoBaseIVA="160" montoIVA="0" importe="160" subtotalDet="160" objetoImp="02" />       <Concepto productoSinube="01010101" productoSAT="01010101" descripcion="CABEZA" cantidad="7.2" unidadSinube="PIEZA" unidadSAT="H87" valorUnitario="28" descuento="0" tipoIVA="IVA 0%" montoBaseIVA="201.6" montoIVA="0" importe="201.6" subtotalDet="201.6" objetoImp="02" />   </Conceptos>
</Comprobante>
-----------------------
[2026-04-17 23:30:24] Éxito envío Facturanube (Folio: 51, Serie: F)
[2026-04-17 23:30:24] 
    
    
    
    
    
    
    
 
SimpleXMLElement Object
(
    [xml] => https://ep-dot-facturanube.appspot.com/blob?par=dGlwbz0yCmZvbGlvRGVwb3NpdG89NTEKbm9tYXJjaGl2bz1VUkUxODA0MjlUTTZfRkFDVC0xOTUzMDItRi01MQpzdWN1cnNhbD1NYXRyaXoKYWRkZW5kYT0wCnNlcmllPUYKZm9saW89NTEKZW1wcmVzYT1VUkUxODA0MjlUTTYtMzk=
    [pdf] => https://ep-dot-facturanube.appspot.com/reporteMain?tipo=ZW1wcmVzYXJlcD1VUkUxODA0MjlUTTYtMzkKZW1wcmVzYW1vdj1VUkUxODA0MjlUTTYtMzkKc3VjdXJzYWw9TWF0cml6CnJlcG9ydGU9Q0ZESSA0LjAgLSBDT04gSVZBIC0gU0lOVUJFLUNPUElBCnNlcmllPUYKZm9saW89NTEKdGlwbz0zMQpwaWU9MAptdWVzdHJhaHRtbD0wCm5vbXBkZj1VUkUxODA0MjlUTTZfRkFDVC0xOTUzMDItRi01MQo=
    [TipoProceso] => NUEVA FACTURA
    [UUID] => b7bc36f8-eb2a-4d2d-826c-2f3156f352c3
    [folio] => 51
    [serie] => F
    [fechaFactura] => 2026-04-17T23:29:23
)
[2026-04-17 23:35:52] XML GENERADO (Folio: 52, MovID: 195306):
<?xml version="1.0" encoding="utf-8"?>
<Comprobante exportacion="01" version="CFDI 4.0" sistema="OBRADORCARNICERIA" generar="Factura" rfcEmisor="URE180429TM6-39" sucursal="Matriz" codigoReporte="CFDI 4.0 - CON IVA - SINUBE-COPIA" \
    permiteAgregarProductosNoInv="1" nomArchivoDescarga="URE180429TM6_FACT-195306-F-52" noCertificado="30001000000500003441" serie="F" folio="52" \ 
    formaDePago="03" condicionesDePago="CONTADO" fechaPagoProbable="1776490552956" metodoDePago="PUE" subtotal="1806.4" descuento="0" porcentajeIVA="16" montoIVA="0" total="1806.4" monedaSinube="MXN" monedaSAT="MXN" difZonaHoraria="-06">
   <Receptor rfc="OHM191218EH7" razonSocial="OBRADOR HNOS MIRANDA" usoCFDI="G03" esPersonaFisica="0" regimenFiscal="601"/>
   <ReceptorDireccion pais="MEX" codigoPostal="54030" ></ReceptorDireccion>
   <Conceptos>
       <Concepto productoSinube="01010101" productoSAT="01010101" descripcion="GRASA" cantidad="22.8" unidadSinube="PIEZA" unidadSAT="H87" valorUnitario="30" descuento="0" tipoIVA="IVA 0%" montoBaseIVA="684" montoIVA="0" importe="684" subtotalDet="684" objetoImp="02" />       <Concepto productoSinube="01010101" productoSAT="01010101" descripcion="ANTIFAZ" cantidad="48.8" unidadSinube="PIEZA" unidadSAT="H87" valorUnitario="23" descuento="0" tipoIVA="IVA 0%" montoBaseIVA="1122.4" montoIVA="0" importe="1122.4" subtotalDet="1122.4" objetoImp="02" />   </Conceptos>
</Comprobante>
-----------------------
[2026-04-17 23:35:53] Éxito envío Facturanube (Folio: 52, Serie: F)
[2026-04-17 23:35:53] Error extracción links: XML de respuesta malformado.
[2026-04-17 23:36:37] XML GENERADO (Folio: 52, MovID: 195306):
<?xml version="1.0" encoding="utf-8"?>
<Comprobante exportacion="01" version="CFDI 4.0" sistema="OBRADORCARNICERIA" generar="Factura" rfcEmisor="URE180429TM6-39" sucursal="Matriz" codigoReporte="CFDI 4.0 - CON IVA - SINUBE-COPIA" 
    permiteAgregarProductosNoInv="1" nomArchivoDescarga="URE180429TM6_FACT-195306-F-52" noCertificado="30001000000500003441" serie="F" folio="52"  
    formaDePago="03" condicionesDePago="CONTADO" fechaPagoProbable="1776490597290" metodoDePago="PUE" subtotal="1806.4" descuento="0" porcentajeIVA="16" montoIVA="0" total="1806.4" monedaSinube="MXN" monedaSAT="MXN" difZonaHoraria="-06">
   <Receptor rfc="OHM191218EH7" razonSocial="OBRADOR HNOS MIRANDA" usoCFDI="G03" esPersonaFisica="0" regimenFiscal="601"/>
   <ReceptorDireccion pais="MEX" codigoPostal="54030" ></ReceptorDireccion>
   <Conceptos>
       <Concepto productoSinube="01010101" productoSAT="01010101" descripcion="GRASA" cantidad="22.8" unidadSinube="PIEZA" unidadSAT="H87" valorUnitario="30" descuento="0" tipoIVA="IVA 0%" montoBaseIVA="684" montoIVA="0" importe="684" subtotalDet="684" objetoImp="02" />       <Concepto productoSinube="01010101" productoSAT="01010101" descripcion="ANTIFAZ" cantidad="48.8" unidadSinube="PIEZA" unidadSAT="H87" valorUnitario="23" descuento="0" tipoIVA="IVA 0%" montoBaseIVA="1122.4" montoIVA="0" importe="1122.4" subtotalDet="1122.4" objetoImp="02" />   </Conceptos>
</Comprobante>
-----------------------
[2026-04-17 23:36:40] Éxito envío Facturanube (Folio: 52, Serie: F)
[2026-04-17 23:36:40] 
    
    
    
    
    
    
    
 
SimpleXMLElement Object
(
    [xml] => https://ep-dot-facturanube.appspot.com/blob?par=dGlwbz0yCmZvbGlvRGVwb3NpdG89NTIKbm9tYXJjaGl2bz1VUkUxODA0MjlUTTZfRkFDVC0xOTUzMDYtRi01MgpzdWN1cnNhbD1NYXRyaXoKYWRkZW5kYT0wCnNlcmllPUYKZm9saW89NTIKZW1wcmVzYT1VUkUxODA0MjlUTTYtMzk=
    [pdf] => https://ep-dot-facturanube.appspot.com/reporteMain?tipo=ZW1wcmVzYXJlcD1VUkUxODA0MjlUTTYtMzkKZW1wcmVzYW1vdj1VUkUxODA0MjlUTTYtMzkKc3VjdXJzYWw9TWF0cml6CnJlcG9ydGU9Q0ZESSA0LjAgLSBDT04gSVZBIC0gU0lOVUJFLUNPUElBCnNlcmllPUYKZm9saW89NTIKdGlwbz0zMQpwaWU9MAptdWVzdHJhaHRtbD0wCm5vbXBkZj1VUkUxODA0MjlUTTZfRkFDVC0xOTUzMDYtRi01Mgo=
    [TipoProceso] => NUEVA FACTURA
    [UUID] => 1f0b3e8b-69c6-4c3e-abad-5ae3a2fd8216
    [folio] => 52
    [serie] => F
    [fechaFactura] => 2026-04-17T23:35:38
)
[2026-04-17 23:39:56] XML GENERADO (Folio: 53, MovID: 195301):
<?xml version="1.0" encoding="utf-8"?>
<Comprobante exportacion="01" version="CFDI 4.0" sistema="OBRADORCARNICERIA" generar="Factura" rfcEmisor="URE180429TM6-39" sucursal="Matriz" codigoReporte="CFDI 4.0 - CON IVA - SINUBE-COPIA" 
    permiteAgregarProductosNoInv="1" nomArchivoDescarga="URE180429TM6_FACT-195301-F-53" noCertificado="30001000000500003441" serie="F" folio="53"  
    formaDePago="03" condicionesDePago="CONTADO" fechaPagoProbable="1776490796000" metodoDePago="PUE" subtotal="28632.4" descuento="0" porcentajeIVA="16" montoIVA="0" 
    total="28632.4" monedaSinube="MXN" monedaSAT="MXN" difZonaHoraria="-06">
   <Receptor rfc="OHM191218EH7" razonSocial="OBRADOR HNOS MIRANDA" usoCFDI1="G03" esPersonaFisica="0" regimenFiscal="601"/>
   <ReceptorDireccion pais="MEX" codigoPostal="54030" ></ReceptorDireccion>
   <Conceptos>
       <Concepto productoSinube="01010101" productoSAT="01010101" descripcion="PECHO" cantidad="156.4" unidadSinube="PIEZA" unidadSAT="H87" valorUnitario="73" descuento="0" tipoIVA="IVA 0%" montoBaseIVA="11417.2" montoIVA="0" importe="11417.2" subtotalDet="11417.2" objetoImp="02" />       <Concepto productoSinube="01010101" productoSAT="01010101" descripcion="PULPA O BISTECK DE CERDO" cantidad="318.8" unidadSinube="PIEZA" unidadSAT="H87" valorUnitario="54" descuento="0" tipoIVA="IVA 0%" montoBaseIVA="17215.2" montoIVA="0" importe="17215.2" subtotalDet="17215.2" objetoImp="02" />   </Conceptos>
</Comprobante>
-----------------------
[2026-04-17 23:39:56] Éxito envío Facturanube (Folio: 53, Serie: F)
[2026-04-17 23:39:56] 
    
 
SimpleXMLElement Object
(
    [error] => PmCreaFacturaDeXML.crearFactura: pos: 10null, Err: Falta el atrubuto Comprobante.Receptor.usoCFDI[Ljava.lang.StackTraceElement;@1ece4183
)
[2026-04-17 23:39:56] Error extracción links: La respuesta fue exitosa pero no incluye UUID válido.
[2026-04-17 23:41:42] XML GENERADO (Folio: 53, MovID: 195301):
<?xml version="1.0" encoding="utf-8"?>
<Comprobante exportacion="01" version="CFDI 4.0" sistema="OBRADORCARNICERIA" generar="Factura" rfcEmisor="URE180429TM6-39" sucursal="Matriz" codigoReporte="CFDI 4.0 - CON IVA - SINUBE-COPIA" 
    permiteAgregarProductosNoInv="1" nomArchivoDescarga="URE180429TM6_FACT-195301-F-53" noCertificado="30001000000500003441" serie="F" folio="53"  
    formaDePago="03" condicionesDePago="CONTADO" fechaPagoProbable="1776490902000" metodoDePago="PUE" subtotal="28632.4" descuento="0" porcentajeIVA="16" montoIVA="0" 
    total="28632.4" monedaSinube="MXN" monedaSAT="MXN" difZonaHoraria="-06">
   <Receptor rfc="OHM191218EH7" razonSocial="OBRADOR HNOS MIRANDA" usoCFDI1="G03" esPersonaFisica="0" regimenFiscal="601"/>
   <ReceptorDireccion pais="MEX" codigoPostal="54030" ></ReceptorDireccion>
   <Conceptos>
       <Concepto productoSinube="01010101" productoSAT="01010101" descripcion="PECHO" cantidad="156.4" unidadSinube="PIEZA" unidadSAT="H87" valorUnitario="73" descuento="0" tipoIVA="IVA 0%" montoBaseIVA="11417.2" montoIVA="0" importe="11417.2" subtotalDet="11417.2" objetoImp="02" />       <Concepto productoSinube="01010101" productoSAT="01010101" descripcion="PULPA O BISTECK DE CERDO" cantidad="318.8" unidadSinube="PIEZA" unidadSAT="H87" valorUnitario="54" descuento="0" tipoIVA="IVA 0%" montoBaseIVA="17215.2" montoIVA="0" importe="17215.2" subtotalDet="17215.2" objetoImp="02" />   </Conceptos>
</Comprobante>
-----------------------
[2026-04-17 23:41:42] Éxito envío Facturanube (Folio: 53, Serie: F)
[2026-04-17 23:41:42] 
    
 
SimpleXMLElement Object
(
    [error] => PmCreaFacturaDeXML.crearFactura: pos: 10null, Err: Falta el atrubuto Comprobante.Receptor.usoCFDI[Ljava.lang.StackTraceElement;@3bdd461b
)
[2026-04-17 23:41:42] Error extracción links: La respuesta fue exitosa pero no incluye UUID válido.
[2026-04-17 23:43:52] XML GENERADO (Folio: 53, MovID: 195301):
<?xml version="1.0" encoding="utf-8"?>
<Comprobante exportacion="01" version="CFDI 4.0" sistema="OBRADORCARNICERIA" generar="Factura" rfcEmisor="URE180429TM6-39" sucursal="Matriz" codigoReporte="CFDI 4.0 - CON IVA - SINUBE-COPIA" 
    permiteAgregarProductosNoInv="1" nomArchivoDescarga="URE180429TM6_FACT-195301-F-53" noCertificado="30001000000500003441" serie="F" folio="53"  
    formaDePago="03" condicionesDePago="CONTADO" fechaPagoProbable="1776491032539" metodoDePago="PUE" subtotal="28632.4" descuento="0" porcentajeIVA="16" montoIVA="0" 
    total="28632.4" monedaSinube="MXN" monedaSAT="MXN" difZonaHoraria="-06">
   <Receptor rfc="OHM191218EH7" razonSocial="OBRADOR HNOS MIRANDA" usoCFDI1="G03" esPersonaFisica="0" regimenFiscal="601"/>
   <ReceptorDireccion pais="MEX" codigoPostal="54030" ></ReceptorDireccion>
   <Conceptos>
       <Concepto productoSinube="01010101" productoSAT="01010101" descripcion="PECHO" cantidad="156.4" unidadSinube="PIEZA" unidadSAT="H87" valorUnitario="73" descuento="0" tipoIVA="IVA 0%" montoBaseIVA="11417.2" montoIVA="0" importe="11417.2" subtotalDet="11417.2" objetoImp="02" />       <Concepto productoSinube="01010101" productoSAT="01010101" descripcion="PULPA O BISTECK DE CERDO" cantidad="318.8" unidadSinube="PIEZA" unidadSAT="H87" valorUnitario="54" descuento="0" tipoIVA="IVA 0%" montoBaseIVA="17215.2" montoIVA="0" importe="17215.2" subtotalDet="17215.2" objetoImp="02" />   </Conceptos>
</Comprobante>
-----------------------
[2026-04-17 23:43:52] Éxito envío Facturanube (Folio: 53, Serie: F)
[2026-04-17 23:43:52] 
    
 
SimpleXMLElement Object
(
    [error] => PmCreaFacturaDeXML.crearFactura: pos: 10null, Err: Falta el atrubuto Comprobante.Receptor.usoCFDI[Ljava.lang.StackTraceElement;@24fc5333
)
Array
(
)
[2026-04-17 23:43:52] Error extracción links: La respuesta fue exitosa pero no incluye UUID válido.
[2026-04-17 23:45:51] XML GENERADO (Folio: 53, MovID: 195301):
<?xml version="1.0" encoding="utf-8"?>
<Comprobante exportacion="01" version="CFDI 4.0" sistema="OBRADORCARNICERIA" generar="Factura" rfcEmisor="URE180429TM6-39" sucursal="Matriz" codigoReporte="CFDI 4.0 - CON IVA - SINUBE-COPIA" 
    permiteAgregarProductosNoInv="1" nomArchivoDescarga="URE180429TM6_FACT-195301-F-53" noCertificado="30001000000500003441" serie="F" folio="53"  
    formaDePago="03" condicionesDePago="CONTADO" fechaPagoProbable="1776491151117" metodoDePago="PUE" subtotal="28632.4" descuento="0" porcentajeIVA="16" montoIVA="0" 
    total="28632.4" monedaSinube="MXN" monedaSAT="MXN" difZonaHoraria="-06">
   <Receptor rfc="OHM191218EH7" razonSocial="OBRADOR HNOS MIRANDA" usoCFDI1="G03" esPersonaFisica="0" regimenFiscal="601"/>
   <ReceptorDireccion pais="MEX" codigoPostal="54030" ></ReceptorDireccion>
   <Conceptos>
       <Concepto productoSinube="01010101" productoSAT="01010101" descripcion="PECHO" cantidad="156.4" unidadSinube="PIEZA" unidadSAT="H87" valorUnitario="73" descuento="0" tipoIVA="IVA 0%" montoBaseIVA="11417.2" montoIVA="0" importe="11417.2" subtotalDet="11417.2" objetoImp="02" />       <Concepto productoSinube="01010101" productoSAT="01010101" descripcion="PULPA O BISTECK DE CERDO" cantidad="318.8" unidadSinube="PIEZA" unidadSAT="H87" valorUnitario="54" descuento="0" tipoIVA="IVA 0%" montoBaseIVA="17215.2" montoIVA="0" importe="17215.2" subtotalDet="17215.2" objetoImp="02" />   </Conceptos>
</Comprobante>
-----------------------
[2026-04-17 23:45:51] Éxito envío Facturanube (Folio: 53, Serie: F)
SimpleXMLElement Object
(
    [error] => PmCreaFacturaDeXML.crearFactura: pos: 10null, Err: Falta el atrubuto Comprobante.Receptor.usoCFDI[Ljava.lang.StackTraceElement;@106bf86a
)
Array
(
)
[2026-04-17 23:45:51] Error extracción links: La respuesta fue exitosa pero no incluye UUID válido.
[2026-04-17 23:48:09] XML GENERADO (Folio: 53, MovID: 195301):
<?xml version="1.0" encoding="utf-8"?>
<Comprobante exportacion="01" version="CFDI 4.0" sistema="OBRADORCARNICERIA" generar="Factura" rfcEmisor="URE180429TM6-39" sucursal="Matriz" codigoReporte="CFDI 4.0 - CON IVA - SINUBE-COPIA" 
    permiteAgregarProductosNoInv="1" nomArchivoDescarga="URE180429TM6_FACT-195301-F-53" noCertificado="30001000000500003441" serie="F" folio="53"  
    formaDePago="03" condicionesDePago="CONTADO" fechaPagoProbable="1776491289578" metodoDePago="PUE" subtotal="28632.4" descuento="0" porcentajeIVA="16" montoIVA="0" 
    total="28632.4" monedaSinube="MXN" monedaSAT="MXN" difZonaHoraria="-06">
   <Receptor rfc="OHM191218EH7" razonSocial="OBRADOR HNOS MIRANDA" usoCFDI1="G03" esPersonaFisica="0" regimenFiscal="601"/>
   <ReceptorDireccion pais="MEX" codigoPostal="54030" ></ReceptorDireccion>
   <Conceptos>
       <Concepto productoSinube="01010101" productoSAT="01010101" descripcion="PECHO" cantidad="156.4" unidadSinube="PIEZA" unidadSAT="H87" valorUnitario="73" descuento="0" tipoIVA="IVA 0%" montoBaseIVA="11417.2" montoIVA="0" importe="11417.2" subtotalDet="11417.2" objetoImp="02" />       <Concepto productoSinube="01010101" productoSAT="01010101" descripcion="PULPA O BISTECK DE CERDO" cantidad="318.8" unidadSinube="PIEZA" unidadSAT="H87" valorUnitario="54" descuento="0" tipoIVA="IVA 0%" montoBaseIVA="17215.2" montoIVA="0" importe="17215.2" subtotalDet="17215.2" objetoImp="02" />   </Conceptos>
</Comprobante>
-----------------------
[2026-04-17 23:48:09] Éxito envío Facturanube (Folio: 53, Serie: F)
SimpleXMLElement Object
(
    [error] => PmCreaFacturaDeXML.crearFactura: pos: 10null, Err: Falta el atrubuto Comprobante.Receptor.usoCFDI[Ljava.lang.StackTraceElement;@492c5f5f
)
Array
(
)
[2026-04-17 23:48:09] Error extracción links: La respuesta fue exitosa pero no incluye UUID válido.
[2026-04-17 23:49:37] XML GENERADO (Folio: 53, MovID: 195301):
<?xml version="1.0" encoding="utf-8"?>
<Comprobante exportacion="01" version="CFDI 4.0" sistema="OBRADORCARNICERIA" generar="Factura" rfcEmisor="URE180429TM6-39" sucursal="Matriz" codigoReporte="CFDI 4.0 - CON IVA - SINUBE-COPIA" 
    permiteAgregarProductosNoInv="1" nomArchivoDescarga="URE180429TM6_FACT-195301-F-53" noCertificado="30001000000500003441" serie="F" folio="53"  
    formaDePago="03" condicionesDePago="CONTADO" fechaPagoProbable="1776491377321" metodoDePago="PUE" subtotal="28632.4" descuento="0" porcentajeIVA="16" montoIVA="0" 
    total="28632.4" monedaSinube="MXN" monedaSAT="MXN" difZonaHoraria="-06">
   <Receptor rfc="OHM191218EH7" razonSocial="OBRADOR HNOS MIRANDA" usoCFDI1="G03" esPersonaFisica="0" regimenFiscal="601"/>
   <ReceptorDireccion pais="MEX" codigoPostal="54030" ></ReceptorDireccion>
   <Conceptos>
       <Concepto productoSinube="01010101" productoSAT="01010101" descripcion="PECHO" cantidad="156.4" unidadSinube="PIEZA" unidadSAT="H87" valorUnitario="73" descuento="0" tipoIVA="IVA 0%" montoBaseIVA="11417.2" montoIVA="0" importe="11417.2" subtotalDet="11417.2" objetoImp="02" />       <Concepto productoSinube="01010101" productoSAT="01010101" descripcion="PULPA O BISTECK DE CERDO" cantidad="318.8" unidadSinube="PIEZA" unidadSAT="H87" valorUnitario="54" descuento="0" tipoIVA="IVA 0%" montoBaseIVA="17215.2" montoIVA="0" importe="17215.2" subtotalDet="17215.2" objetoImp="02" />   </Conceptos>
</Comprobante>
-----------------------
[2026-04-17 23:49:37] Éxito envío Facturanube (Folio: 53, Serie: F)
SimpleXMLElement Object
(
    [error] => PmCreaFacturaDeXML.crearFactura: pos: 10null, Err: Falta el atrubuto Comprobante.Receptor.usoCFDI[Ljava.lang.StackTraceElement;@ef134af
)
Array
(
    [0] => SimpleXMLElement Object
        (
            [0] => PmCreaFacturaDeXML.crearFactura: pos: 10null, Err: Falta el atrubuto Comprobante.Receptor.usoCFDI[Ljava.lang.StackTraceElement;@ef134af
        )

)
[2026-04-17 23:49:37] Error extracción links: Facturanube devolvió un error: PmCreaFacturaDeXML.crearFactura: pos: 10null, Err: Falta el atrubuto Comprobante.Receptor.usoCFDI[Ljava.lang.StackTraceElement;@ef134af
